dot
[0/3 selected · all tags]
                 
[ ] alpha — first
[ ] beta — second
[ ] gamma — third
                 
                 
                 
                 
                 
                 
                 
                 
                 
                 
                 
                 
                 
                 
                 
                 
                 
                 
space toggle · a all · t cycle tag · / filter · enter run · q quit