  ✓ alpha               beta line 1                                             
> ⣾  beta                                                                       
  · gamma                                                                       
                                                                                
tab focus · l logs · q quit