> ✓ alpha               alpha line 1                                            
  ⣾  beta                                                                       
  · gamma                                                                       
                                                                                