[1/3 selected · all tags]
                 
[ ] alpha — first
[x] beta — second
[ ] gamma — third
                 
                 
                 
                 
                 
                 
                 
                 
                 
                 
                 
                 
                 
                 
                 
                 
                 
                 