dot
[0/3 selected · all tags]
                 
[ ] alpha — first
[ ] beta — second
[ ] gamma — third
                 
                 
                 
                 
                 
                 
                 
                 
                 
                 
                 
                 
                 
                 
                 
                 
                 
                 