                                                                                
                                                                                
                                                                                
                                                                                
               ╭────────────────────────────────────────────────╮               
               │                                                │               
               │   Conflict                                     │               
               │   at: /x/y                                     │               
               │   existing: file                               │               
               │                                                │               
               │     Backup                                     │               
               │   ▸ Overwrite                                  │               
               │     Skip                                       │               
               │     Abort                                      │               
               │                                                │               
               │   [ ] Apply to remaining   (space to toggle)   │               
               │                                                │               
               │   ↑/↓ move · enter confirm · esc abort         │               
               │                                                │               
               ╰────────────────────────────────────────────────╯               
                                                                                
                                                                                
                                                                                
                                                                                